<!doctype html public "-//w3c//dtd html 4.0 transitional//en">
<html><head>
<title>Static Call Graph - [.\Objects\Pictionnary.axf]</title></head>
<body><HR>
<H1>Static Call Graph for image .\Objects\Pictionnary.axf</H1><HR>
<BR><P>#&#060CALLGRAPH&#062# ARM Linker, 6240002: Last Updated: Tue Dec 30 12:29:33 2025
<BR><P>
<H3>Maximum Stack Usage =          0 bytes + Unknown(Functions without stacksize, Cycles, Untraceable Function Pointers)</H3><H3>
Call chain for Maximum Stack Depth:</H3>

<P>
<H3>
Functions with no stack information
</H3><UL>
 <LI><a href="#[0]">Reset_Handler</a>
 <LI><a href="#[14]">SWITCH_INIT</a>
 <LI><a href="#[16]">SWITCH_TOP</a>
 <LI><a href="#[17]">SWITCH_BOTTOM</a>
 <LI><a href="#[13]">LEDS_INIT</a>
 <LI><a href="#[18]">LEDS_BLINK</a>
 <LI><a href="#[19]">LED_FRONT_RIGHT_ON</a>
 <LI><a href="#[1a]">LED_FRONT_RIGHT_OFF</a>
 <LI><a href="#[1b]">LED_FRONT_LEFT_ON</a>
 <LI><a href="#[1c]">LED_FRONT_LEFT_OFF</a>
 <LI><a href="#[1d]">LED_BACK_RIGHT_ON</a>
 <LI><a href="#[1e]">LED_BACK_RIGHT_OFF</a>
 <LI><a href="#[11]">LED_BACK_LEFT_ON</a>
 <LI><a href="#[12]">LED_BACK_LEFT_OFF</a>
 <LI><a href="#[10]">LED_BACK_LEFT_BLINK_3</a>
 <LI><a href="#[1f]">LEDS_OFF</a>
 <LI><a href="#[f]">__main</a>
 <LI><a href="#[15]">BUMPER_INIT</a>
 <LI><a href="#[20]">BUMPER_RIGHT</a>
 <LI><a href="#[21]">BUMPER_LEFT</a>
 <LI><a href="#[4]">MOTEUR_INIT</a>
 <LI><a href="#[5]">MOTEUR_DROIT_ON</a>
 <LI><a href="#[6]">MOTEUR_DROIT_OFF</a>
 <LI><a href="#[7]">MOTEUR_GAUCHE_ON</a>
 <LI><a href="#[8]">MOTEUR_GAUCHE_OFF</a>
 <LI><a href="#[9]">MOTEUR_DROIT_ARRIERE</a>
 <LI><a href="#[a]">MOTEUR_DROIT_AVANT</a>
 <LI><a href="#[b]">MOTEUR_GAUCHE_ARRIERE</a>
 <LI><a href="#[c]">MOTEUR_GAUCHE_AVANT</a>
 <LI><a href="#[d]">MOTEUR_DROIT_INVERSE</a>
 <LI><a href="#[e]">MOTEUR_GAUCHE_INVERSE</a>
 <LI><a href="#[1]">NmiSR</a>
 <LI><a href="#[2]">FaultISR</a>
 <LI><a href="#[3]">IntDefaultHandler</a>
</UL>
</UL>
<P>
<H3>
Mutually Recursive functions
</H3> <LI><a href="#[1]">NmiSR</a>&nbsp;&nbsp;&nbsp;&rArr;&nbsp;&nbsp;&nbsp;<a href="#[1]">NmiSR</a><BR>
 <LI><a href="#[2]">FaultISR</a>&nbsp;&nbsp;&nbsp;&rArr;&nbsp;&nbsp;&nbsp;<a href="#[2]">FaultISR</a><BR>
 <LI><a href="#[3]">IntDefaultHandler</a>&nbsp;&nbsp;&nbsp;&rArr;&nbsp;&nbsp;&nbsp;<a href="#[3]">IntDefaultHandler</a><BR>
</UL>
<P>
<H3>
Function Pointers
</H3><UL>
 <LI><a href="#[2]">FaultISR</a> from startup.o(RESET) referenced from startup.o(RESET)
 <LI><a href="#[3]">IntDefaultHandler</a> from startup.o(RESET) referenced 121 times from startup.o(RESET)
 <LI><a href="#[1]">NmiSR</a> from startup.o(RESET) referenced from startup.o(RESET)
 <LI><a href="#[0]">Reset_Handler</a> from startup.o(RESET) referenced from startup.o(RESET)
</UL>
<P>
<H3>
Global Symbols
</H3>
<P><STRONG><a name="[0]"></a>Reset_Handler</STRONG> (Thumb, 0 bytes, Stack size unknown bytes, startup.o(RESET))
<BR><BR>[Calls]<UL><LI><a href="#[f]">&gt;&gt;</a>&nbsp;&nbsp;&nbsp;__main
</UL>
<BR>[Address Reference Count : 1]<UL><LI> startup.o(RESET)
</UL>
<P><STRONG><a name="[14]"></a>SWITCH_INIT</STRONG> (Thumb, 0 bytes, Stack size unknown bytes, config_switch.o(.text))
<BR><BR>[Called By]<UL><LI><a href="#[f]">&gt;&gt;</a>&nbsp;&nbsp;&nbsp;__main
</UL>

<P><STRONG><a name="[16]"></a>SWITCH_TOP</STRONG> (Thumb, 0 bytes, Stack size unknown bytes, config_switch.o(.text))
<BR><BR>[Called By]<UL><LI><a href="#[f]">&gt;&gt;</a>&nbsp;&nbsp;&nbsp;__main
</UL>

<P><STRONG><a name="[17]"></a>SWITCH_BOTTOM</STRONG> (Thumb, 0 bytes, Stack size unknown bytes, config_switch.o(.text), UNUSED)

<P><STRONG><a name="[13]"></a>LEDS_INIT</STRONG> (Thumb, 0 bytes, Stack size unknown bytes, config_led.o(.text))
<BR><BR>[Called By]<UL><LI><a href="#[f]">&gt;&gt;</a>&nbsp;&nbsp;&nbsp;__main
</UL>

<P><STRONG><a name="[18]"></a>LEDS_BLINK</STRONG> (Thumb, 0 bytes, Stack size unknown bytes, config_led.o(.text), UNUSED)

<P><STRONG><a name="[19]"></a>LED_FRONT_RIGHT_ON</STRONG> (Thumb, 0 bytes, Stack size unknown bytes, config_led.o(.text), UNUSED)

<P><STRONG><a name="[1a]"></a>LED_FRONT_RIGHT_OFF</STRONG> (Thumb, 0 bytes, Stack size unknown bytes, config_led.o(.text), UNUSED)

<P><STRONG><a name="[1b]"></a>LED_FRONT_LEFT_ON</STRONG> (Thumb, 0 bytes, Stack size unknown bytes, config_led.o(.text), UNUSED)

<P><STRONG><a name="[1c]"></a>LED_FRONT_LEFT_OFF</STRONG> (Thumb, 0 bytes, Stack size unknown bytes, config_led.o(.text), UNUSED)

<P><STRONG><a name="[1d]"></a>LED_BACK_RIGHT_ON</STRONG> (Thumb, 0 bytes, Stack size unknown bytes, config_led.o(.text), UNUSED)

<P><STRONG><a name="[1e]"></a>LED_BACK_RIGHT_OFF</STRONG> (Thumb, 0 bytes, Stack size unknown bytes, config_led.o(.text), UNUSED)

<P><STRONG><a name="[11]"></a>LED_BACK_LEFT_ON</STRONG> (Thumb, 0 bytes, Stack size unknown bytes, config_led.o(.text))
<BR><BR>[Called By]<UL><LI><a href="#[f]">&gt;&gt;</a>&nbsp;&nbsp;&nbsp;__main
<LI><a href="#[10]">&gt;&gt;</a>&nbsp;&nbsp;&nbsp;LED_BACK_LEFT_BLINK_3
</UL>

<P><STRONG><a name="[12]"></a>LED_BACK_LEFT_OFF</STRONG> (Thumb, 0 bytes, Stack size unknown bytes, config_led.o(.text))
<BR><BR>[Called By]<UL><LI><a href="#[f]">&gt;&gt;</a>&nbsp;&nbsp;&nbsp;__main
<LI><a href="#[10]">&gt;&gt;</a>&nbsp;&nbsp;&nbsp;LED_BACK_LEFT_BLINK_3
</UL>

<P><STRONG><a name="[10]"></a>LED_BACK_LEFT_BLINK_3</STRONG> (Thumb, 0 bytes, Stack size unknown bytes, config_led.o(.text), UNUSED)
<BR><BR>[Calls]<UL><LI><a href="#[12]">&gt;&gt;</a>&nbsp;&nbsp;&nbsp;LED_BACK_LEFT_OFF
<LI><a href="#[11]">&gt;&gt;</a>&nbsp;&nbsp;&nbsp;LED_BACK_LEFT_ON
</UL>

<P><STRONG><a name="[1f]"></a>LEDS_OFF</STRONG> (Thumb, 0 bytes, Stack size unknown bytes, config_led.o(.text), UNUSED)

<P><STRONG><a name="[f]"></a>__main</STRONG> (Thumb, 0 bytes, Stack size unknown bytes, main.o(.text))
<BR><BR>[Calls]<UL><LI><a href="#[4]">&gt;&gt;</a>&nbsp;&nbsp;&nbsp;MOTEUR_INIT
<LI><a href="#[7]">&gt;&gt;</a>&nbsp;&nbsp;&nbsp;MOTEUR_GAUCHE_ON
<LI><a href="#[8]">&gt;&gt;</a>&nbsp;&nbsp;&nbsp;MOTEUR_GAUCHE_OFF
<LI><a href="#[c]">&gt;&gt;</a>&nbsp;&nbsp;&nbsp;MOTEUR_GAUCHE_AVANT
<LI><a href="#[5]">&gt;&gt;</a>&nbsp;&nbsp;&nbsp;MOTEUR_DROIT_ON
<LI><a href="#[6]">&gt;&gt;</a>&nbsp;&nbsp;&nbsp;MOTEUR_DROIT_OFF
<LI><a href="#[a]">&gt;&gt;</a>&nbsp;&nbsp;&nbsp;MOTEUR_DROIT_AVANT
<LI><a href="#[15]">&gt;&gt;</a>&nbsp;&nbsp;&nbsp;BUMPER_INIT
<LI><a href="#[12]">&gt;&gt;</a>&nbsp;&nbsp;&nbsp;LED_BACK_LEFT_OFF
<LI><a href="#[11]">&gt;&gt;</a>&nbsp;&nbsp;&nbsp;LED_BACK_LEFT_ON
<LI><a href="#[13]">&gt;&gt;</a>&nbsp;&nbsp;&nbsp;LEDS_INIT
<LI><a href="#[16]">&gt;&gt;</a>&nbsp;&nbsp;&nbsp;SWITCH_TOP
<LI><a href="#[14]">&gt;&gt;</a>&nbsp;&nbsp;&nbsp;SWITCH_INIT
</UL>
<BR>[Called By]<UL><LI><a href="#[0]">&gt;&gt;</a>&nbsp;&nbsp;&nbsp;Reset_Handler
</UL>

<P><STRONG><a name="[15]"></a>BUMPER_INIT</STRONG> (Thumb, 0 bytes, Stack size unknown bytes, config_bumper.o(.text))
<BR><BR>[Called By]<UL><LI><a href="#[f]">&gt;&gt;</a>&nbsp;&nbsp;&nbsp;__main
</UL>

<P><STRONG><a name="[20]"></a>BUMPER_RIGHT</STRONG> (Thumb, 0 bytes, Stack size unknown bytes, config_bumper.o(.text), UNUSED)

<P><STRONG><a name="[21]"></a>BUMPER_LEFT</STRONG> (Thumb, 0 bytes, Stack size unknown bytes, config_bumper.o(.text), UNUSED)

<P><STRONG><a name="[4]"></a>MOTEUR_INIT</STRONG> (Thumb, 0 bytes, Stack size unknown bytes, config_moteur.o(.text))
<BR><BR>[Called By]<UL><LI><a href="#[f]">&gt;&gt;</a>&nbsp;&nbsp;&nbsp;__main
</UL>

<P><STRONG><a name="[5]"></a>MOTEUR_DROIT_ON</STRONG> (Thumb, 0 bytes, Stack size unknown bytes, config_moteur.o(.text))
<BR><BR>[Called By]<UL><LI><a href="#[f]">&gt;&gt;</a>&nbsp;&nbsp;&nbsp;__main
</UL>

<P><STRONG><a name="[6]"></a>MOTEUR_DROIT_OFF</STRONG> (Thumb, 0 bytes, Stack size unknown bytes, config_moteur.o(.text))
<BR><BR>[Called By]<UL><LI><a href="#[f]">&gt;&gt;</a>&nbsp;&nbsp;&nbsp;__main
</UL>

<P><STRONG><a name="[7]"></a>MOTEUR_GAUCHE_ON</STRONG> (Thumb, 0 bytes, Stack size unknown bytes, config_moteur.o(.text))
<BR><BR>[Called By]<UL><LI><a href="#[f]">&gt;&gt;</a>&nbsp;&nbsp;&nbsp;__main
</UL>

<P><STRONG><a name="[8]"></a>MOTEUR_GAUCHE_OFF</STRONG> (Thumb, 0 bytes, Stack size unknown bytes, config_moteur.o(.text))
<BR><BR>[Called By]<UL><LI><a href="#[f]">&gt;&gt;</a>&nbsp;&nbsp;&nbsp;__main
</UL>

<P><STRONG><a name="[9]"></a>MOTEUR_DROIT_ARRIERE</STRONG> (Thumb, 0 bytes, Stack size unknown bytes, config_moteur.o(.text), UNUSED, KEPT)

<P><STRONG><a name="[a]"></a>MOTEUR_DROIT_AVANT</STRONG> (Thumb, 0 bytes, Stack size unknown bytes, config_moteur.o(.text))
<BR><BR>[Called By]<UL><LI><a href="#[f]">&gt;&gt;</a>&nbsp;&nbsp;&nbsp;__main
</UL>

<P><STRONG><a name="[b]"></a>MOTEUR_GAUCHE_ARRIERE</STRONG> (Thumb, 0 bytes, Stack size unknown bytes, config_moteur.o(.text), UNUSED, KEPT)

<P><STRONG><a name="[c]"></a>MOTEUR_GAUCHE_AVANT</STRONG> (Thumb, 0 bytes, Stack size unknown bytes, config_moteur.o(.text))
<BR><BR>[Called By]<UL><LI><a href="#[f]">&gt;&gt;</a>&nbsp;&nbsp;&nbsp;__main
</UL>

<P><STRONG><a name="[d]"></a>MOTEUR_DROIT_INVERSE</STRONG> (Thumb, 0 bytes, Stack size unknown bytes, config_moteur.o(.text), UNUSED, KEPT)

<P><STRONG><a name="[e]"></a>MOTEUR_GAUCHE_INVERSE</STRONG> (Thumb, 0 bytes, Stack size unknown bytes, config_moteur.o(.text), UNUSED, KEPT)
<P>
<H3>
Local Symbols
</H3>
<P><STRONG><a name="[1]"></a>NmiSR</STRONG> (Thumb, 0 bytes, Stack size unknown bytes, startup.o(RESET))
<BR><BR>[Calls]<UL><LI><a href="#[1]">&gt;&gt;</a>&nbsp;&nbsp;&nbsp;NmiSR
</UL>
<BR>[Called By]<UL><LI><a href="#[1]">&gt;&gt;</a>&nbsp;&nbsp;&nbsp;NmiSR
</UL>
<BR>[Address Reference Count : 1]<UL><LI> startup.o(RESET)
</UL>
<P><STRONG><a name="[2]"></a>FaultISR</STRONG> (Thumb, 0 bytes, Stack size unknown bytes, startup.o(RESET))
<BR><BR>[Calls]<UL><LI><a href="#[2]">&gt;&gt;</a>&nbsp;&nbsp;&nbsp;FaultISR
</UL>
<BR>[Called By]<UL><LI><a href="#[2]">&gt;&gt;</a>&nbsp;&nbsp;&nbsp;FaultISR
</UL>
<BR>[Address Reference Count : 1]<UL><LI> startup.o(RESET)
</UL>
<P><STRONG><a name="[3]"></a>IntDefaultHandler</STRONG> (Thumb, 0 bytes, Stack size unknown bytes, startup.o(RESET))
<BR><BR>[Calls]<UL><LI><a href="#[3]">&gt;&gt;</a>&nbsp;&nbsp;&nbsp;IntDefaultHandler
</UL>
<BR>[Called By]<UL><LI><a href="#[3]">&gt;&gt;</a>&nbsp;&nbsp;&nbsp;IntDefaultHandler
</UL>
<BR>[Address Reference Count : 1]<UL><LI> startup.o(RESET)
</UL><P>
<H3>
Undefined Global Symbols
</H3><HR></body></html>
