Component: Arm Compiler for Embedded 6.24 Tool: armlink [5f371500]

==============================================================================

Section Cross References

    main.o(.text) refers (Special) to config_led.o(.text) for LEDS_BLINK
    main.o(.text) refers to config_switch.o(.text) for SWITCH_INIT
    main.o(.text) refers to config_bumper.o(.text) for BUMPER_INIT
    main.o(.text) refers to config_moteur.o(.text) for MOTEUR_INIT
    main.o(.text) refers to drawing.o(.text) for SQUARE_DRAWING
    drawing.o(.text) refers to config_moteur.o(.text) for AVANCER_NCM
    startup.o(RESET) refers to startup.o(STACK) for StackMem
    startup.o(RESET) refers to main.o(.text) for __main


==============================================================================

Removing Unused input sections from the image.

    Removing startup.o(HEAP), (0 bytes).
    Removing startup.o(.text), (0 bytes).

2 unused section(s) (total 0 bytes) removed from the image.

==============================================================================

Image Symbol Table

    Local Symbols

    Symbol Name                              Value     Ov Type        Size  Object(Section)

    ../Projet/Config_Moteur.s                0x00000000   Number         0  config_moteur.o ABSOLUTE
    Config_Bumper.s                          0x00000000   Number         0  config_bumper.o ABSOLUTE
    Config_LED.s                             0x00000000   Number         0  config_led.o ABSOLUTE
    Config_Switch.s                          0x00000000   Number         0  config_switch.o ABSOLUTE
    Drawing.s                                0x00000000   Number         0  drawing.o ABSOLUTE
    Main.s                                   0x00000000   Number         0  main.o ABSOLUTE
    RTE/Device/LM3S9B92/Startup.s            0x00000000   Number         0  startup.o ABSOLUTE
    RESET                                    0x00000000   Section      632  startup.o(RESET)
    NmiSR                                    0x00000271   Thumb Code     0  startup.o(RESET)
    FaultISR                                 0x00000273   Thumb Code     0  startup.o(RESET)
    IntDefaultHandler                        0x00000275   Thumb Code     0  startup.o(RESET)
    .text                                    0x00000278   Section       76  config_switch.o(.text)
    .text                                    0x000002c4   Section      348  config_led.o(.text)
    .text                                    0x00000420   Section      124  main.o(.text)
    .text                                    0x0000049c   Section       80  config_bumper.o(.text)
    .text                                    0x000004ec   Section      644  config_moteur.o(.text)
    .text                                    0x00000770   Section      504  drawing.o(.text)
    StackMem                                 0x20000000   Data           0  startup.o(STACK)
    STACK                                    0x20000000   Section      256  startup.o(STACK)

    Global Symbols

    Symbol Name                              Value     Ov Type        Size  Object(Section)

    BuildAttributes$$THM_ISAv4$P$D$K$B$S$A:L22UL41UL21$X:L11$S22US41US21$IEEE1$~IW$USESV6$~STKCKD$USESV7$~SHL$OSPACE$EBA8$MICROLIB$PRES8$EABIv2 0x00000000   Number         0  anon$$obj.o ABSOLUTE
    __Vectors                                0x00000000   Data           0  startup.o(RESET)
    Reset_Handler                            0x0000026d   Thumb Code     0  startup.o(RESET)
    SWITCH_INIT                              0x00000279   Thumb Code     0  config_switch.o(.text)
    SWITCH_TOP                               0x0000029d   Thumb Code     0  config_switch.o(.text)
    SWITCH_BOTTOM                            0x000002a5   Thumb Code     0  config_switch.o(.text)
    LEDS_INIT                                0x000002c5   Thumb Code     0  config_led.o(.text)
    LEDS_BLINK                               0x000002f7   Thumb Code     0  config_led.o(.text)
    LED_FRONT_RIGHT_ON                       0x00000313   Thumb Code     0  config_led.o(.text)
    LED_FRONT_RIGHT_OFF                      0x0000031d   Thumb Code     0  config_led.o(.text)
    LED_FRONT_RIGHT_BLINK                    0x00000327   Thumb Code     0  config_led.o(.text)
    LED_FRONT_LEFT_ON                        0x00000349   Thumb Code     0  config_led.o(.text)
    LED_FRONT_LEFT_OFF                       0x00000353   Thumb Code     0  config_led.o(.text)
    LED_FRONT_LEFT_BLINK                     0x0000035d   Thumb Code     0  config_led.o(.text)
    LED_BACK_RIGHT_ON                        0x0000037f   Thumb Code     0  config_led.o(.text)
    LED_BACK_RIGHT_OFF                       0x00000389   Thumb Code     0  config_led.o(.text)
    LED_BACK_RIGHT_BLINK                     0x00000393   Thumb Code     0  config_led.o(.text)
    LED_BACK_LEFT_ON                         0x000003b5   Thumb Code     0  config_led.o(.text)
    LED_BACK_LEFT_OFF                        0x000003bf   Thumb Code     0  config_led.o(.text)
    LED_BACK_LEFT_BLINK                      0x000003c9   Thumb Code     0  config_led.o(.text)
    LEDS_OFF                                 0x000003eb   Thumb Code     0  config_led.o(.text)
    __main                                   0x00000421   Thumb Code     0  main.o(.text)
    BUMPER_INIT                              0x0000049d   Thumb Code     0  config_bumper.o(.text)
    BUMPER_RIGHT                             0x000004c1   Thumb Code     0  config_bumper.o(.text)
    BUMPER_LEFT                              0x000004c9   Thumb Code     0  config_bumper.o(.text)
    MOTEUR_INIT                              0x000004ed   Thumb Code     0  config_moteur.o(.text)
    MOTEUR_DROIT_ON                          0x000005f1   Thumb Code     0  config_moteur.o(.text)
    MOTEUR_DROIT_OFF                         0x000005fd   Thumb Code     0  config_moteur.o(.text)
    MOTEUR_GAUCHE_ON                         0x00000609   Thumb Code     0  config_moteur.o(.text)
    MOTEUR_GAUCHE_OFF                        0x00000615   Thumb Code     0  config_moteur.o(.text)
    MOTEUR_DROIT_ARRIERE                     0x00000621   Thumb Code     0  config_moteur.o(.text)
    MOTEUR_DROIT_AVANT                       0x0000062b   Thumb Code     0  config_moteur.o(.text)
    MOTEUR_GAUCHE_ARRIERE                    0x00000635   Thumb Code     0  config_moteur.o(.text)
    MOTEUR_GAUCHE_AVANT                      0x0000063f   Thumb Code     0  config_moteur.o(.text)
    MOTEUR_DROIT_INVERSE                     0x00000649   Thumb Code     0  config_moteur.o(.text)
    MOTEUR_GAUCHE_INVERSE                    0x00000655   Thumb Code     0  config_moteur.o(.text)
    AVANCER_NCM                              0x00000661   Thumb Code     0  config_moteur.o(.text)
    RECULER_NCM                              0x00000693   Thumb Code     0  config_moteur.o(.text)
    TOURNER_DROITE                           0x000006c5   Thumb Code     0  config_moteur.o(.text)
    TOURNER_GAUCHE                           0x000006e3   Thumb Code     0  config_moteur.o(.text)
    SQUARE_DRAWING                           0x00000771   Thumb Code     0  drawing.o(.text)
    STAR_DRAWING                             0x0000078f   Thumb Code     0  drawing.o(.text)
    TREE_DRAWING                             0x000007bd   Thumb Code     0  drawing.o(.text)
    RIBBON_DRAWING                           0x0000087b   Thumb Code     0  drawing.o(.text)
    __initial_sp                             0x20000100   Data           0  startup.o(STACK)



==============================================================================

Memory Map of the image

  Image Entry point : 0x0000026d

  Load Region LR_1 (Base: 0x00000000, Size: 0x00000968, Max: 0xffffffff, ABSOLUTE)

    Execution Region ER_RO (Exec base: 0x00000000, Load base: 0x00000000, Size: 0x00000968, Max: 0xffffffff, ABSOLUTE)

    Exec Addr    Load Addr    Size         Type   Attr      Idx    E Section Name        Object

    0x00000000   0x00000000   0x00000278   Code   RO           23  * RESET               startup.o
    0x00000278   0x00000278   0x0000004c   Code   RO            1    .text               config_switch.o
    0x000002c4   0x000002c4   0x0000015c   Code   RO            6    .text               config_led.o
    0x00000420   0x00000420   0x0000007c   Code   RO            9  * .text               main.o
    0x0000049c   0x0000049c   0x00000050   Code   RO           12    .text               config_bumper.o
    0x000004ec   0x000004ec   0x00000284   Code   RO           15  * .text               config_moteur.o
    0x00000770   0x00000770   0x000001f8   Code   RO           18    .text               drawing.o


    Execution Region ER_RW (Exec base: 0x20000000, Load base: 0x00000968, Size: 0x00000000, Max: 0xffffffff, ABSOLUTE)

    **** No section assigned to this execution region ****


    Execution Region ER_ZI (Exec base: 0x20000000, Load base: 0x00000968, Size: 0x00000100, Max: 0xffffffff, ABSOLUTE)

    Exec Addr    Load Addr    Size         Type   Attr      Idx    E Section Name        Object

    0x20000000        -       0x00000100   Zero   RW           21    STACK               startup.o


==============================================================================

Image component sizes


      Code (inc. data)   RO Data    RW Data    ZI Data      Debug   Object Name

        80         24          0          0          0        272   config_bumper.o
       348         44          0          0          0        364   config_led.o
       644        112          0          0          0        476   config_moteur.o
        76         24          0          0          0        304   config_switch.o
       504          0          0          0          0        372   drawing.o
       124          0          0          0          0        264   main.o
       632        622          0          0        256        272   startup.o

    ----------------------------------------------------------------------
      2408        826          0          0        256       2324   Object Totals
         0          0          0          0          0          0   (incl. Generated)
         0          0          0          0          0          0   (incl. Padding)

    ----------------------------------------------------------------------
         0          0          0          0          0          0   Library Totals
         0          0          0          0          0          0   (incl. Padding)

    ----------------------------------------------------------------------

==============================================================================


      Code (inc. data)   RO Data    RW Data    ZI Data      Debug   

      2408        826          0          0        256       2324   Grand Totals
      2408        826          0          0        256       2324   ELF Image Totals
      2408        826          0          0          0          0   ROM Totals

==============================================================================

    Total RO  Size (Code + RO Data)                 2408 (   2.35kB)
    Total RW  Size (RW Data + ZI Data)               256 (   0.25kB)
    Total ROM Size (Code + RO Data + RW Data)       2408 (   2.35kB)

==============================================================================

