Component: Arm Compiler for Embedded 6.24 Tool: armlink [5f371500]

==============================================================================

Section Cross References

    main.o(.text) refers (Special) to config_led.o(.text) for LEDS_BLINK
    main.o(.text) refers to config_switch.o(.text) for SWITCH_INIT
    main.o(.text) refers to config_bumper.o(.text) for BUMPER_INIT
    startup.o(RESET) refers to startup.o(STACK) for StackMem
    startup.o(RESET) refers to main.o(.text) for __main


==============================================================================

Removing Unused input sections from the image.

    Removing config_moteur.o(.text), (484 bytes).
    Removing startup.o(HEAP), (0 bytes).
    Removing startup.o(.text), (0 bytes).

3 unused section(s) (total 484 bytes) removed from the image.

==============================================================================

Image Symbol Table

    Local Symbols

    Symbol Name                              Value     Ov Type        Size  Object(Section)

    ../Projet/Config_Moteur.s                0x00000000   Number         0  config_moteur.o ABSOLUTE
    Config_Bumper.s                          0x00000000   Number         0  config_bumper.o ABSOLUTE
    Config_LED.s                             0x00000000   Number         0  config_led.o ABSOLUTE
    Config_Switch.s                          0x00000000   Number         0  config_switch.o ABSOLUTE
    Main.s                                   0x00000000   Number         0  main.o ABSOLUTE
    RTE/Device/LM3S9B92/Startup.s            0x00000000   Number         0  startup.o ABSOLUTE
    RESET                                    0x00000000   Section      632  startup.o(RESET)
    NmiSR                                    0x00000271   Thumb Code     0  startup.o(RESET)
    FaultISR                                 0x00000273   Thumb Code     0  startup.o(RESET)
    IntDefaultHandler                        0x00000275   Thumb Code     0  startup.o(RESET)
    .text                                    0x00000278   Section       76  config_switch.o(.text)
    .text                                    0x000002c4   Section      244  config_led.o(.text)
    .text                                    0x000003b8   Section      182  main.o(.text)
    .text                                    0x00000470   Section       80  config_bumper.o(.text)
    StackMem                                 0x20000000   Data           0  startup.o(STACK)
    STACK                                    0x20000000   Section      256  startup.o(STACK)

    Global Symbols

    Symbol Name                              Value     Ov Type        Size  Object(Section)

    BuildAttributes$$THM_ISAv4$P$D$K$B$S$A:L22UL41UL21$X:L11$S22US41US21$IEEE1$~IW$USESV6$~STKCKD$USESV7$~SHL$OSPACE$EBA8$MICROLIB$PRES8$EABIv2 0x00000000   Number         0  anon$$obj.o ABSOLUTE
    __Vectors                                0x00000000   Data           0  startup.o(RESET)
    Reset_Handler                            0x0000026d   Thumb Code     0  startup.o(RESET)
    SWITCH_INIT                              0x00000279   Thumb Code     0  config_switch.o(.text)
    SWITCH_TOP                               0x0000029d   Thumb Code     0  config_switch.o(.text)
    SWITCH_BOTTOM                            0x000002a5   Thumb Code     0  config_switch.o(.text)
    LEDS_INIT                                0x000002c5   Thumb Code     0  config_led.o(.text)
    LEDS_BLINK                               0x000002f7   Thumb Code     0  config_led.o(.text)
    LED_FRONT_RIGHT_ON                       0x00000313   Thumb Code     0  config_led.o(.text)
    LED_FRONT_RIGHT_OFF                      0x0000031d   Thumb Code     0  config_led.o(.text)
    LED_FRONT_LEFT_ON                        0x00000327   Thumb Code     0  config_led.o(.text)
    LED_FRONT_LEFT_OFF                       0x00000331   Thumb Code     0  config_led.o(.text)
    LED_BACK_RIGHT_ON                        0x0000033b   Thumb Code     0  config_led.o(.text)
    LED_BACK_RIGHT_OFF                       0x00000345   Thumb Code     0  config_led.o(.text)
    LED_BACK_LEFT_ON                         0x0000034f   Thumb Code     0  config_led.o(.text)
    LED_BACK_LEFT_OFF                        0x00000359   Thumb Code     0  config_led.o(.text)
    LED_BACK_LEFT_BLINK_3                    0x00000363   Thumb Code     0  config_led.o(.text)
    LEDS_OFF                                 0x00000381   Thumb Code     0  config_led.o(.text)
    __main                                   0x000003b9   Thumb Code     0  main.o(.text)
    BUMPER_INIT                              0x00000471   Thumb Code     0  config_bumper.o(.text)
    BUMPER_RIGHT                             0x00000495   Thumb Code     0  config_bumper.o(.text)
    BUMPER_LEFT                              0x0000049d   Thumb Code     0  config_bumper.o(.text)
    __initial_sp                             0x20000100   Data           0  startup.o(STACK)



==============================================================================

Memory Map of the image

  Image Entry point : 0x0000026d

  Load Region LR_1 (Base: 0x00000000, Size: 0x000004c0, Max: 0xffffffff, ABSOLUTE)

    Execution Region ER_RO (Exec base: 0x00000000, Load base: 0x00000000, Size: 0x000004c0, Max: 0xffffffff, ABSOLUTE)

    Exec Addr    Load Addr    Size         Type   Attr      Idx    E Section Name        Object

    0x00000000   0x00000000   0x00000278   Code   RO           20  * RESET               startup.o
    0x00000278   0x00000278   0x0000004c   Code   RO            1    .text               config_switch.o
    0x000002c4   0x000002c4   0x000000f4   Code   RO            6    .text               config_led.o
    0x000003b8   0x000003b8   0x000000b6   Code   RO            9  * .text               main.o
    0x0000046e   0x0000046e   0x00000002   PAD
    0x00000470   0x00000470   0x00000050   Code   RO           12    .text               config_bumper.o


    Execution Region ER_RW (Exec base: 0x20000000, Load base: 0x000004c0, Size: 0x00000000, Max: 0xffffffff, ABSOLUTE)

    **** No section assigned to this execution region ****


    Execution Region ER_ZI (Exec base: 0x20000000, Load base: 0x000004c0, Size: 0x00000100, Max: 0xffffffff, ABSOLUTE)

    Exec Addr    Load Addr    Size         Type   Attr      Idx    E Section Name        Object

    0x20000000        -       0x00000100   Zero   RW           18    STACK               startup.o


==============================================================================

Image component sizes


      Code (inc. data)   RO Data    RW Data    ZI Data      Debug   Object Name

        80         24          0          0          0        272   config_bumper.o
       244         46          0          0          0        320   config_led.o
        76         24          0          0          0        304   config_switch.o
       182          0          0          0          0        288   main.o
       632        622          0          0        256        272   startup.o

    ----------------------------------------------------------------------
      1216        716          0          0        256       1456   Object Totals
         0          0          0          0          0          0   (incl. Generated)
         2          0          0          0          0          0   (incl. Padding)

    ----------------------------------------------------------------------
         0          0          0          0          0          0   Library Totals
         0          0          0          0          0          0   (incl. Padding)

    ----------------------------------------------------------------------

==============================================================================


      Code (inc. data)   RO Data    RW Data    ZI Data      Debug   

      1216        716          0          0        256       1456   Grand Totals
      1216        716          0          0        256       1456   ELF Image Totals
      1216        716          0          0          0          0   ROM Totals

==============================================================================

    Total RO  Size (Code + RO Data)                 1216 (   1.19kB)
    Total RW  Size (RW Data + ZI Data)               256 (   0.25kB)
    Total ROM Size (Code + RO Data + RW Data)       1216 (   1.19kB)

==============================================================================

